------------------------------------------------------------
TimeQuest Timing Analyzer Summary
------------------------------------------------------------

Type  : Slow 1200mV 85C Model Setup 'topclock'
Slack : -0.899
TNS   : -3.116

Type  : Slow 1200mV 85C Model Setup 'sw[0]'
Slack : -0.435
TNS   : -2.293

Type  : Slow 1200mV 85C Model Hold 'sw[0]'
Slack : -3.286
TNS   : -50.213

Type  : Slow 1200mV 85C Model Hold 'topclock'
Slack : 0.386
TNS   : 0.000

Type  : Slow 1200mV 85C Model Minimum Pulse Width 'sw[0]'
Slack : -3.000
TNS   : -58.517

Type  : Slow 1200mV 85C Model Minimum Pulse Width 'topclock'
Slack : -3.000
TNS   : -10.710

Type  : Slow 1200mV 0C Model Setup 'topclock'
Slack : -0.699
TNS   : -2.309

Type  : Slow 1200mV 0C Model Setup 'sw[0]'
Slack : -0.378
TNS   : -2.547

Type  : Slow 1200mV 0C Model Hold 'sw[0]'
Slack : -2.913
TNS   : -44.482

Type  : Slow 1200mV 0C Model Hold 'topclock'
Slack : 0.340
TNS   : 0.000

Type  : Slow 1200mV 0C Model Minimum Pulse Width 'sw[0]'
Slack : -3.000
TNS   : -49.578

Type  : Slow 1200mV 0C Model Minimum Pulse Width 'topclock'
Slack : -3.000
TNS   : -10.710

Type  : Fast 1200mV 0C Model Setup 'sw[0]'
Slack : -0.136
TNS   : -0.609

Type  : Fast 1200mV 0C Model Setup 'topclock'
Slack : 0.078
TNS   : 0.000

Type  : Fast 1200mV 0C Model Hold 'sw[0]'
Slack : -1.751
TNS   : -27.174

Type  : Fast 1200mV 0C Model Hold 'topclock'
Slack : 0.175
TNS   : 0.000

Type  : Fast 1200mV 0C Model Minimum Pulse Width 'sw[0]'
Slack : -3.000
TNS   : -25.733

Type  : Fast 1200mV 0C Model Minimum Pulse Width 'topclock'
Slack : -3.000
TNS   : -9.395

------------------------------------------------------------
